
> zero-knowledge-password-manager@1.0.0 build
> next build

  Γû▓ Next.js 14.2.0
  - Environments: .env.local

   Creating an optimized production build ...
[baseline-browser-mapping] The data in this module is over two months old.  To ensure accurate Baseline data, please update: `npm i baseline-browser-mapping@latest -D`
 Γ£ô Compiled successfully
   Linting and checking validity of types ...
 Γ¿» ESLint: Plugin "@typescript-eslint" was conflicted between ".eslintrc.json" and "..\..\.eslintrc.json".
   Collecting page data ...
   Generating static pages (0/10) ...
   Generating static pages (2/10) 
   Generating static pages (4/10) 
   Generating static pages (7/10) 
 Γ£ô Generating static pages (10/10)
   Finalizing page optimization ...
   Collecting build traces ...

Route (app)                              Size     First Load JS
Γöî Γùï /                                    7.79 kB         152 kB
Γö£ Γùï /_not-found                          871 B          87.8 kB
Γö£ Γùï /app                                 31.9 kB         282 kB
Γö£ Γùï /confirm-email                       3.3 kB          200 kB
Γö£ Γùï /login                               4.7 kB          254 kB
Γö£ Γùï /reset-password                      4.68 kB         224 kB
Γö£ Γùï /setup-vault                         4.39 kB         228 kB
Γöö Γùï /signup                              3.88 kB         240 kB
+ First Load JS shared by all            86.9 kB
  Γö£ chunks/23-ffc5b3f83c51d9c7.js        31.3 kB
  Γö£ chunks/fd9d1056-c176ba62bfa905c4.js  53.6 kB
  Γöö other shared chunks (total)          1.96 kB


Γùï  (Static)  prerendered as static content

